%%% end input files
668092957.37445151805877685547 12597022496058978.000000 4.666845 192217.149509 5008104.808942 -3200.000000 843196.824748 0.49798667430877685547 5952
741329352.47262990474700927734 121238811568268368.000000 5.322428 195970.303394 5005539.900412 -11700.000000 5283251.259523 1.35206913948059082031 5961
